Erreur : L'argument saisi pour le filtre par heure n'est pas une heure (0 Ã  23)
