Erreur : Le nom de fichier de log saisi n'est pas correct
