Erreur : Le fichier de log en entrÃ©e n'existe pas.
