Erreur : Le nom de fichier saisi pour la génération du graphe n'est pas correct
