Erreur : L'argument saisi pour le filtre par heure n'est pas un entier
