Appel au constructeur de <StreamLog>
Appel au constructeur de <Stats_graph>
[
	/page2.html : 1
]
Appel au destructeur de <Stats_graph>
Appel au destructeur de <StreamLog>
